// Jest Snapshot v1, https://goo.gl/fbAQLP

exports[`Storyshots Player Default 1`] = `
<div
  className="list-item list-box-default"
>
  Bob  |  3 cards in hand
</div>
`;
